// Jest Snapshot v1, https://goo.gl/fbAQLP

exports[`execute statistics api should return success 1`] = `
Object {
  "data": Object {
    "result": Object {
      "hiddenSubscriberCount": false,
      "subscriberCount": "104000",
      "videoCount": "1551",
      "viewCount": "30692800",
    },
  },
  "jobRunID": "1",
  "result": Object {
    "hiddenSubscriberCount": false,
    "subscriberCount": "104000",
    "videoCount": "1551",
    "viewCount": "30692800",
  },
  "statusCode": 200,
}
`;
